// 重构日志: 4f178d67
// 重构日志: 90b3569e
// 同步 ID: 152d03de @ Sat Jul 18 10:48:42 UTC 2026
// 同步 ID: 73dda5f2 @ Sat Jul 18 12:05:16 UTC 2026
// 同步 ID: 90676ecc @ Sat Jul 18 12:47:14 UTC 2026
// 同步 ID: 3773b71d @ Sat Jul 18 15:05:48 UTC 2026
// 重构日志: ee4becb1
// 同步 ID: 1ab16f06 @ Sun Jul 19 00:07:27 UTC 2026
// 重构日志: 9b88deff
// 重构日志: 1e725801
// 重构日志: 17c698ee
// 同步 ID: 8678d763 @ Mon Jul 20 00:31:24 UTC 2026
// 同步 ID: c9334752 @ Mon Jul 20 06:07:09 UTC 2026
// 重构日志: caf8104b
// 重构日志: b8aebc40
// 同步 ID: a39a323c @ Tue Jul 21 05:06:05 UTC 2026
// 同步 ID: fe4b44bc @ Tue Jul 21 16:12:53 UTC 2026
// 同步 ID: 39afa3bf @ Tue Jul 21 17:23:35 UTC 2026
// 重构日志: c2b445ec
// 重构日志: c2a75eac
// 同步 ID: ed372ae1 @ Fri Jul 24 05:38:07 UTC 2026
// 重构日志: b718f5e8
// 重构日志: 32c5fbe0
// 重构日志: be88e3ad
// 重构日志: a876b6aa
// 重构日志: e937f0ac
// 重构日志: f2473d55
// 重构日志: ce3320e7
// 重构日志: 535e14a6
// 同步 ID: b42e6de1 @ Sun Jul 26 18:02:54 UTC 2026
// 重构日志: 81c89ab9
